// Jest Snapshot v1, https://goo.gl/fbAQLP

exports[`routes: index should respond as expected 1`] = `
Object {
  "data": "pong",
}
`;
